HDF5 "spack.h5" {
GROUP "/" {
   GROUP "Spack" {
      GROUP "Software" {
         ATTRIBUTE "Distribution" {
            DATATYPE  H5T_STRING {
               STRSIZE H5T_VARIABLE;
               STRPAD H5T_STR_NULLTERM;
               CSET H5T_CSET_UTF8;
               CTYPE H5T_C_S1;
            }
            DATASPACE  SCALAR
            DATA {
            (0): "Open Source"
            }
         }
         DATASET "data" {
            DATATYPE  H5T_IEEE_F64LE
            DATASPACE  SIMPLE { ( 7, 11 ) / ( 7, 11 ) }
            DATA {
            (0,0): 0.371141, 0.508482, 0.585975, 0.0944911, 0.684849,
            (0,5): 0.580396, 0.720271, 0.693561, 0.340432, 0.217145,
            (0,10): 0.636083,
            (1,0): 0.686996, 0.773501, 0.656767, 0.617543, 0.226132,
            (1,5): 0.768632, 0.0548711, 0.54572, 0.355544, 0.591548,
            (1,10): 0.233007,
            (2,0): 0.230032, 0.192087, 0.293845, 0.0369338, 0.038727,
            (2,5): 0.0977931, 0.966522, 0.0821391, 0.857921, 0.495703,
            (2,10): 0.746006,
            (3,0): 0.598494, 0.990266, 0.993009, 0.187481, 0.746391,
            (3,5): 0.140095, 0.122661, 0.929242, 0.542415, 0.802758,
            (3,10): 0.757941,
            (4,0): 0.372124, 0.411982, 0.270479, 0.950033, 0.329948,
            (4,5): 0.936704, 0.105097, 0.742285, 0.556565, 0.18988, 0.72797,
            (5,0): 0.801669, 0.271807, 0.910649, 0.186251, 0.868865,
            (5,5): 0.191484, 0.788371, 0.920173, 0.582249, 0.682022,
            (5,10): 0.146883,
            (6,0): 0.826824, 0.0886705, 0.402606, 0.0532444, 0.72509,
            (6,5): 0.964683, 0.330362, 0.833284, 0.630456, 0.411489, 0.247806
            }
         }
      }
   }
}
}
